\BOOKMARK [1][-]{section*.2}{\376\377\000A\000b\000s\000t\000r\000a\000c\000t}{}% 1
\BOOKMARK [1][-]{section*.3}{\376\377\000A\000b\000s\000t\000r\000a\000c\000t\000\040\000i\000n\000\040\000l\000i\000n\000g\000u\000a\000\040\000i\000t\000a\000l\000i\000a\000n\000a}{}% 2
\BOOKMARK [1][-]{section.0.1}{\376\377\000I\000n\000t\000r\000o\000d\000u\000c\000t\000i\000o\000n}{}% 3
\BOOKMARK [2][-]{subsection.0.1.1}{\376\377\000T\000h\000e\000\040\000r\000e\000q\000u\000e\000s\000t\000e\000d\000\040\000r\000e\000s\000u\000l\000t}{section.0.1}% 4
\BOOKMARK [2][-]{subsection.0.1.2}{\376\377\000P\000u\000r\000p\000o\000s\000e}{section.0.1}% 5
\BOOKMARK [1][-]{section.0.2}{\376\377\000D\000a\000t\000a\000\040\000P\000i\000p\000e\000l\000i\000n\000e}{}% 6
\BOOKMARK [2][-]{subsection.0.2.1}{\376\377\000D\000a\000t\000a\000\040\000P\000r\000e\000s\000e\000n\000t\000a\000t\000i\000o\000n}{section.0.2}% 7
\BOOKMARK [2][-]{subsection.0.2.2}{\376\377\000D\000a\000t\000a\000\040\000I\000n\000g\000e\000s\000t\000i\000o\000n}{section.0.2}% 8
\BOOKMARK [1][-]{section.0.3}{\376\377\000F\000e\000a\000t\000u\000r\000e\000s\000\040\000a\000n\000d\000\040\000T\000a\000r\000g\000e\000t\000s}{}% 9
\BOOKMARK [2][-]{subsection.0.3.1}{\376\377\000A\000p\000p\000r\000o\000a\000c\000h}{section.0.3}% 10
\BOOKMARK [2][-]{subsection.0.3.2}{\376\377\000C\000a\000l\000c\000u\000l\000a\000t\000e\000\040\000F\000e\000a\000t\000u\000r\000e\000s\000\040\000a\000n\000d\000\040\000T\000a\000r\000g\000e\000t\000s}{section.0.3}% 11
\BOOKMARK [2][-]{subsection.0.3.3}{\376\377\000M\000a\000n\000a\000g\000i\000n\000g\000\040\000F\000e\000a\000t\000u\000r\000e\000s}{section.0.3}% 12
\BOOKMARK [1][-]{section.0.4}{\376\377\000P\000r\000e\000d\000i\000c\000t\000i\000o\000n}{}% 13
\BOOKMARK [1][-]{section.0.5}{\376\377\000L\000i\000n\000e\000a\000r\000\040\000R\000e\000g\000r\000e\000s\000s\000i\000o\000n}{}% 14
\BOOKMARK [2][-]{subsection.0.5.1}{\376\377\000A\000n\000a\000l\000i\000s\000i\000\040\000e\000s\000p\000l\000o\000r\000a\000t\000i\000v\000a\000\040\000\050\000!\000!\000i\000n\000f\000!\000!\000\051}{section.0.5}% 15
\BOOKMARK [2][-]{subsection.0.5.2}{\376\377\000V\000e\000r\000i\000f\000i\000c\000a\000\040\000A\000s\000s\000u\000n\000z\000i\000o\000n\000i\000\040\000d\000e\000l\000l\000a\000\040\000R\000e\000g\000r\000e\000s\000s\000i\000o\000n\000e\000\040\000L\000i\000n\000e\000a\000r\000e}{section.0.5}% 16
\BOOKMARK [2][-]{subsection.0.5.3}{\376\377\000V\000a\000l\000u\000t\000a\000z\000i\000o\000n\000e\000\040\000d\000e\000l\000\040\000m\000o\000d\000e\000l\000l\000o}{section.0.5}% 17
\BOOKMARK [2][-]{subsection.0.5.4}{\376\377\000R\000e\000g\000o\000l\000a\000r\000i\000z\000z\000a\000z\000i\000o\000n\000e\000\040\000s\000e\000\040\000n\000e\000c\000e\000s\000s\000a\000r\000i\000o}{section.0.5}% 18
\BOOKMARK [2][-]{subsection.0.5.5}{\376\377\000I\000n\000t\000e\000r\000p\000r\000e\000t\000a\000z\000i\000o\000n\000e\000\040\000e\000\040\000R\000e\000p\000o\000r\000t\000i\000n\000g}{section.0.5}% 19
\BOOKMARK [1][-]{section.0.6}{\376\377\000X\000G\000B\000o\000o\000s\000t\000\040\000\050\000X\000G\000B\000\051}{}% 20
\BOOKMARK [2][-]{subsection.0.6.1}{\376\377\000T\000a\000r\000g\000e\000t\000s}{section.0.6}% 21
\BOOKMARK [2][-]{subsection.0.6.2}{\376\377\000L\000o\000s\000s\000\040\000F\000u\000n\000c\000t\000i\000o\000n}{section.0.6}% 22
\BOOKMARK [2][-]{subsection.0.6.3}{\376\377\000E\000v\000a\000l\000u\000a\000t\000i\000o\000n\000\040\000M\000e\000t\000r\000i\000c\000s}{section.0.6}% 23
\BOOKMARK [2][-]{subsection.0.6.4}{\376\377\000C\000o\000n\000f\000i\000d\000e\000n\000c\000e\000\040\000I\000n\000t\000e\000r\000v\000a\000l}{section.0.6}% 24
\BOOKMARK [1][-]{section.0.7}{\376\377\000M\000u\000l\000t\000i\000\040\000o\000u\000t\000p\000u\000t\000\040\000v\000e\000c\000t\000o\000r}{}% 25
